<?xml version="1.0" encoding="ISO-8859-1"?>
<html>
  <meta charset="UTF-8">

<body>
  <table cellspacing="15" cellpadding="0">
    <tbody>
      <tr>

        <td>
          <table align="center" cellpadding="4" cellspacing="0" border="1" bgcolor="#FFFF99">
            <tbody>
              <tr>
                <th>Character</th>
                <th>Sequence</th>
              </tr>
              <tr>
                <td><span class="spc">backspace<b>†</b></span></td>
                <td>Alt 8</td>
              </tr>
              <tr>
                <td><span class="spc">tab<b>†</b></span></td>
                <td>Alt 9</td>
              </tr>
              <tr>
                <td><span class="spc">line break<b>†</b></span></td>
                <td>Alt 10</td>
              </tr>
              <tr>
                <td>¤</td>
                <td>Alt 15</td>
              </tr>
              <tr>
                <td>¶</td>
                <td>Alt 20</td>
              </tr>
              <tr>
                <td>§</td>
                <td>Alt 21</td>
              </tr>
              <tr>
                <td><span class="spc">paste<b>†</b></span></td>
                <td>Alt 22</td>
              </tr>
              <tr>
                <td><span class="spc">space<b>†</b></span></td>
                <td>Alt 32</td>
              </tr>
              <tr>
                <td>!</td>
                <td>Alt 33</td>
              </tr>
              <tr>
                <td>"</td>
                <td>Alt 34</td>
              </tr>
              <tr>
                <td>#</td>
                <td>Alt 35</td>
              </tr>
              <tr>
                <td>$</td>
                <td>Alt 36</td>
              </tr>
              <tr>
                <td>%</td>
                <td>Alt 37</td>
              </tr>
              <tr>
                <td>&amp;</td>
                <td>Alt 38</td>
              </tr>
              <tr>
                <td>'</td>
                <td>Alt 39</td>
              </tr>
              <tr>
                <td>(</td>
                <td>Alt 40</td>
              </tr>
              <tr>
                <td>)</td>
                <td>Alt 41</td>
              </tr>
              <tr>
                <td>*</td>
                <td>Alt 42</td>
              </tr>
              <tr>
                <td>+</td>
                <td>Alt 43</td>
              </tr>
              <tr>
                <td>,</td>
                <td>Alt 44</td>
              </tr>
              <tr>
                <td>-</td>
                <td>Alt 45</td>
              </tr>
              <tr>
                <td>.</td>
                <td>Alt 46</td>
              </tr>
              <tr>
                <td>/</td>
                <td>Alt 47</td>
              </tr>
              <tr>
                <td>0</td>
                <td>Alt 48</td>
              </tr>
              <tr>
                <td>1</td>
                <td>Alt 49</td>
              </tr>
              <tr>
                <td>2</td>
                <td>Alt 50</td>
              </tr>
              <tr>
                <td>3</td>
                <td>Alt 51</td>
              </tr>
              <tr>
                <td>4</td>
                <td>Alt 52</td>
              </tr>
              <tr>
                <td>5</td>
                <td>Alt 53</td>
              </tr>
              <tr>
                <td>6</td>
                <td>Alt 54</td>
              </tr>
              <tr>
                <td>7</td>
                <td>Alt 55</td>
              </tr>
              <tr>
                <td>8</td>
                <td>Alt 56</td>
              </tr>
              <tr>
                <td>9</td>
                <td>Alt 57</td>
              </tr>
              <tr>
                <td>:</td>
                <td>Alt 58</td>
              </tr>
              <tr>
                <td>;</td>
                <td>Alt 59</td>
              </tr>
              <tr>
                <td>&lt;</td>
                <td>Alt 60</td>
              </tr>
              <tr>
                <td>=</td>
                <td>Alt 61</td>
              </tr>
              <tr>
                <td>&gt;</td>
                <td>Alt 62</td>
              </tr>
              <tr>
                <td>?</td>
                <td>Alt 63</td>
              </tr>
              <tr>
                <td>@</td>
                <td>Alt 64</td>
              </tr>
              <tr>
                <td>A</td>
                <td>Alt 65</td>
              </tr>
              <tr>
                <td>B</td>
                <td>Alt 66</td>
              </tr>
              <tr>
                <td>C</td>
                <td>Alt 67</td>
              </tr>
              <tr>
                <td>D</td>
                <td>Alt 68</td>
              </tr>
            </tbody>
          </table>
        </td>

        <td>
          <table align="center" cellpadding="4" cellspacing="0" border="1" bgcolor="#FFFF99">
            <tbody>
              <tr>
                <th>Character</th>
                <th>Sequence</th>
              </tr>
              <tr>
                <td>E</td>
                <td>Alt 69</td>
              </tr>
              <tr>
                <td>F</td>
                <td>Alt 70</td>
              </tr>
              <tr>
                <td>G</td>
                <td>Alt 71</td>
              </tr>
              <tr>
                <td>H</td>
                <td>Alt 72</td>
              </tr>
              <tr>
                <td>I</td>
                <td>Alt 73</td>
              </tr>
              <tr>
                <td>J</td>
                <td>Alt 74</td>
              </tr>
              <tr>
                <td>K</td>
                <td>Alt 75</td>
              </tr>
              <tr>
                <td>L</td>
                <td>Alt 76</td>
              </tr>
              <tr>
                <td>M</td>
                <td>Alt 77</td>
              </tr>
              <tr>
                <td>N</td>
                <td>Alt 78</td>
              </tr>
              <tr>
                <td>O</td>
                <td>Alt 79</td>
              </tr>
              <tr>
                <td>P</td>
                <td>Alt 80</td>
              </tr>
              <tr>
                <td>Q</td>
                <td>Alt 81</td>
              </tr>
              <tr>
                <td>R</td>
                <td>Alt 82</td>
              </tr>
              <tr>
                <td>S</td>
                <td>Alt 83</td>
              </tr>
              <tr>
                <td>T</td>
                <td>Alt 84</td>
              </tr>
              <tr>
                <td>U</td>
                <td>Alt 85</td>
              </tr>
              <tr>
                <td>V</td>
                <td>Alt 86</td>
              </tr>
              <tr>
                <td>W</td>
                <td>Alt 87</td>
              </tr>
              <tr>
                <td>X</td>
                <td>Alt 88</td>
              </tr>
              <tr>
                <td>Y</td>
                <td>Alt 89</td>
              </tr>
              <tr>
                <td>Z</td>
                <td>Alt 90</td>
              </tr>
              <tr>
                <td>[</td>
                <td>Alt 91</td>
              </tr>
              <tr>
                <td>\</td>
                <td>Alt 92</td>
              </tr>
              <tr>
                <td>]</td>
                <td>Alt 93</td>
              </tr>
              <tr>
                <td>^</td>
                <td>Alt 94</td>
              </tr>
              <tr>
                <td>_</td>
                <td>Alt 95</td>
              </tr>
              <tr>
                <td>`</td>
                <td>Alt 96</td>
              </tr>
              <tr>
                <td>a</td>
                <td>Alt 97</td>
              </tr>
              <tr>
                <td>b</td>
                <td>Alt 98</td>
              </tr>
              <tr>
                <td>c</td>
                <td>Alt 99</td>
              </tr>
              <tr>
                <td>d</td>
                <td>Alt 100</td>
              </tr>
              <tr>
                <td>e</td>
                <td>Alt 101</td>
              </tr>
              <tr>
                <td>f</td>
                <td>Alt 102</td>
              </tr>
              <tr>
                <td>g</td>
                <td>Alt 103</td>
              </tr>
              <tr>
                <td>h</td>
                <td>Alt 104</td>
              </tr>
              <tr>
                <td>i</td>
                <td>Alt 105</td>
              </tr>
              <tr>
                <td>j</td>
                <td>Alt 106</td>
              </tr>
              <tr>
                <td>k</td>
                <td>Alt 107</td>
              </tr>
              <tr>
                <td>l</td>
                <td>Alt 108</td>
              </tr>
              <tr>
                <td>m</td>
                <td>Alt 109
                </td>
              </tr>
              <tr>
                <td>n</td>
                <td>Alt 110</td>
              </tr>
              <tr>
                <td>o</td>
                <td>Alt 111</td>
              </tr>
              <tr>
                <td>p</td>
                <td>Alt 112</td>
              </tr>
            </tbody>
          </table>
        </td>

        <td>
          <table align="center" cellpadding="4" cellspacing="0" border="1" bgcolor="#FFFF99">
            <tbody>
              <tr>
                <th>Character</th>
                <th>Sequence</th>
              </tr>
              <tr>
                <td>q</td>
                <td>Alt 113</td>
              </tr>
              <tr>
                <td>r</td>
                <td>Alt 114</td>
              </tr>
              <tr>
                <td>s</td>
                <td>Alt 115</td>
              </tr>
              <tr>
                <td>t</td>
                <td>Alt 116</td>
              </tr>
              <tr>
                <td>u</td>
                <td>Alt 117</td>
              </tr>
              <tr>
                <td>v</td>
                <td>Alt 118</td>
              </tr>
              <tr>
                <td>w</td>
                <td>Alt 119</td>
              </tr>
              <tr>
                <td>x</td>
                <td>Alt 120</td>
              </tr>
              <tr>
                <td>y</td>
                <td>Alt 121</td>
              </tr>
              <tr>
                <td>z</td>
                <td>Alt 122</td>
              </tr>
              <tr>
                <td>{</td>
                <td>Alt 123</td>
              </tr>
              <tr>
                <td>|</td>
                <td>Alt 124</td>
              </tr>
              <tr>
                <td>}</td>
                <td>Alt 125</td>
              </tr>
              <tr>
                <td>~</td>
                <td>Alt 126</td>
              </tr>
              <tr>
                <td></td>
                <td>Alt 127</td>
              </tr>
              <tr>
                <td>Ç</td>
                <td>Alt 128</td>
              </tr>
              <tr>
                <td>ü</td>
                <td>Alt 129</td>
              </tr>
              <tr>
                <td>é</td>
                <td>Alt 130</td>
              </tr>
              <tr>
                <td>â</td>
                <td>Alt 131</td>
              </tr>
              <tr>
                <td>ä</td>
                <td>Alt 132</td>
              </tr>
              <tr>
                <td>à</td>
                <td>Alt 133</td>
              </tr>
              <tr>
                <td>å</td>
                <td>Alt 134</td>
              </tr>
              <tr>
                <td>ç</td>
                <td>Alt 135</td>
              </tr>
              <tr>
                <td>ê</td>
                <td>Alt 136</td>
              </tr>
              <tr>
                <td>ë</td>
                <td>Alt 137</td>
              </tr>
              <tr>
                <td>è</td>
                <td>Alt 138</td>
              </tr>
              <tr>
                <td>ï</td>
                <td>Alt 139</td>
              </tr>
              <tr>
                <td>î</td>
                <td>Alt 140</td>
              </tr>
              <tr>
                <td>ì</td>
                <td>Alt 141</td>
              </tr>
              <tr>
                <td>æ</td>
                <td>Alt 145</td>
              </tr>
              <tr>
                <td>Æ</td>
                <td>Alt 146</td>
              </tr>
              <tr>
                <td>ô</td>
                <td>Alt 147</td>
              </tr>
              <tr>
                <td>ö</td>
                <td>Alt 148</td>
              </tr>
              <tr>
                <td>ò</td>
                <td>Alt 149</td>
              </tr>
              <tr>
                <td>û</td>
                <td>Alt 150</td>
              </tr>
              <tr>
                <td>ù</td>
                <td>Alt 151</td>
              </tr>
              <tr>
                <td>ÿ</td>
                <td>Alt 152</td>
              </tr>
              <tr>
                <td>¢</td>
                <td>Alt 155</td>
              </tr>
              <tr>
                <td>£</td>
                <td>Alt 156</td>
              </tr>
              <tr>
                <td>¥</td>
                <td>Alt 157</td>
              </tr>
              <tr>
                <td>P</td>
                <td>Alt 158</td>
              </tr>
              <tr>
                <td>ƒ</td>
                <td>Alt 159</td>
              </tr>
              <tr>
                <td>á</td>
                <td>Alt 160</td>
              </tr>
              <tr>
                <td>í</td>
                <td>Alt 161</td>
              </tr>
            </tbody>
          </table>
        </td>

        <td>
          <table align="center" cellpadding="4" cellspacing="0" border="1" bgcolor="#FFFF99">
            <tbody>
              <tr>
                <th>Character</th>
                <th>Sequence</th>
              </tr>
              <tr>
                <td>ó</td>
                <td>Alt 162</td>
              </tr>
              <tr>
                <td>ú</td>
                <td>Alt 163</td>
              </tr>
              <tr>
                <td>ñ</td>
                <td>Alt 164</td>
              </tr>
              <tr>
                <td>Ñ</td>
                <td>Alt 165</td>
              </tr>
              <tr>
                <td></td>
                <td>Alt 166<b>‡</b></td>
              </tr>
              <tr>
                <td></td>
                <td>Alt 167<b>‡</b></td>
              </tr>
              <tr>
                <td>¿</td>
                <td>Alt 168</td>
              </tr>
              <tr>
                <td>¬</td>
                <td>Alt 170</td>
              </tr>
              <tr>
                <td>½</td>
                <td>Alt 171</td>
              </tr>
              <tr>
                <td>¼</td>
                <td>Alt 172</td>
              </tr>
              <tr>
                <td>¡</td>
                <td>Alt 173</td>
              </tr>
              <tr>
                <td>«</td>
                <td>Alt 174</td>
              </tr>
              <tr>
                <td>»</td>
                <td>Alt 175</td>
              </tr>
              <tr>
                <td>¦</td>
                <td>Alt 179</td>
              </tr>
              <tr>
                <td>ß</td>
                <td>Alt 225</td>
              </tr>
              <tr>
                <td>µ</td>
                <td>Alt 230</td>
              </tr>
              <tr>
                <td>±</td>
                <td>Alt 241</td>
              </tr>
              <tr>
                <td>°</td>
                <td>Alt 248</td>
              </tr>
              <tr>
                <td>•</td>
                <td>Alt 249</td>
              </tr>
              <tr>
                <td>·</td>
                <td>Alt 250</td>
              </tr>
              <tr>
                <td>²</td>
                <td>Alt 253</td>
              </tr>
              <tr>
                <td>€</td>
                <td>Alt 0128</td>
              </tr>
              <tr>
                <td>„</td>
                <td>Alt 0132</td>
              </tr>
              <tr>
                <td>…</td>
                <td>Alt 0133</td>
              </tr>
              <tr>
                <td>†</td>
                <td>Alt 0134</td>
              </tr>
              <tr>
                <td>‡</td>
                <td>Alt 0135</td>
              </tr>
              <tr>
                <td>ˆ</td>
                <td>Alt 0136</td>
              </tr>
              <tr>
                <td>‰</td>
                <td>Alt 0137</td>
              </tr>
              <tr>
                <td>Š</td>
                <td>Alt 0138</td>
              </tr>
              <tr>
                <td>‹</td>
                <td>Alt 0139</td>
              </tr>
              <tr>
                <td>Œ</td>
                <td>Alt 0140</td>
              </tr>
              <tr>
                <td>‘</td>
                <td>Alt 0145</td>
              </tr>
              <tr>
                <td>’</td>
                <td>Alt 0146</td>
              </tr>
              <tr>
                <td>“</td>
                <td>Alt 0147</td>
              </tr>
              <tr>
                <td>”</td>
                <td>Alt 0148</td>
              </tr>
              <tr>
                <td>–</td>
                <td>Alt 0150</td>
              </tr>
              <tr>
                <td>—</td>
                <td>Alt 0151</td>
              </tr>
              <tr>
                <td>˜</td>
                <td>Alt 0152</td>
              </tr>
              <tr>
                <td>™</td>
                <td>Alt 0153</td>
              </tr>
              <tr>
                <td>š</td>
                <td>Alt 0154</td>
              </tr>
              <tr>
                <td>›</td>
                <td>Alt 0155</td>
              </tr>
              <tr>
                <td>œ</td>
                <td>Alt 0156</td>
              </tr>
              <tr>
                <td>Ÿ</td>
                <td>Alt 0159</td>
              </tr>
              <tr>
                <td>¨</td>
                <td>Alt 0168</td>
              </tr>
            </tbody>
          </table>
        </td>

        <td>
          <table align="center" cellpadding="4" cellspacing="0" border="1" bgcolor="#FFFF99">
            <tbody>
              <tr>
                <th>Character</th>
                <th>Sequence</th>
              </tr>
              <tr>
                <td>©</td>
                <td>Alt 0169</td>
              </tr>
              <tr>
                <td>®</td>
                <td>Alt 0174</td>
              </tr>
              <tr>
                <td>¯</td>
                <td>Alt 0175</td>
              </tr>
              <tr>
                <td>³</td>
                <td>Alt 0179</td>
              </tr>
              <tr>
                <td>´</td>
                <td>Alt 0180</td>
              </tr>
              <tr>
                <td>¸</td>
                <td>Alt 0184</td>
              </tr>
              <tr>
                <td>¹</td>
                <td>Alt 0185</td>
              </tr>
              <tr>
                <td>¾</td>
                <td>Alt 0190</td>
              </tr>
              <tr>
                <td>À</td>
                <td>Alt 0192</td>
              </tr>
              <tr>
                <td>Á</td>
                <td>Alt 0193</td>
              </tr>
              <tr>
                <td>Â</td>
                <td>Alt 0194</td>
              </tr>
              <tr>
                <td>Ã</td>
                <td>Alt 0195</td>
              </tr>
              <tr>
                <td>Ä</td>
                <td>Alt 0196</td>
              </tr>
              <tr>
                <td>Å</td>
                <td>Alt 0197</td>
              </tr>
              <tr>
                <td>È</td>
                <td>Alt 0200</td>
              </tr>
              <tr>
                <td>É</td>
                <td>Alt 0201</td>
              </tr>
              <tr>
                <td>Ê</td>
                <td>Alt 0202</td>
              </tr>
              <tr>
                <td>Ë</td>
                <td>Alt 0203</td>
              </tr>
              <tr>
                <td>Ì</td>
                <td>Alt 0204</td>
              </tr>
              <tr>
                <td>Í</td>
                <td>Alt 0205</td>
              </tr>
              <tr>
                <td>Î</td>
                <td>Alt 0206</td>
              </tr>
              <tr>
                <td>Ï</td>
                <td>Alt 0207</td>
              </tr>
              <tr>
                <td>Ð</td>
                <td>Alt 0208</td>
              </tr>
              <tr>
                <td>Ò</td>
                <td>Alt 0210</td>
              </tr>
              <tr>
                <td>Ó</td>
                <td>Alt 0211</td>
              </tr>
              <tr>
                <td>Ô</td>
                <td>Alt 0212</td>
              </tr>
              <tr>
                <td>Õ</td>
                <td>Alt 0213</td>
              </tr>
              <tr>
                <td>Ö</td>
                <td>Alt 0214</td>
              </tr>
              <tr>
                <td>×</td>
                <td>Alt 0215</td>
              </tr>
              <tr>
                <td>Ø</td>
                <td>Alt 0216</td>
              </tr>
              <tr>
                <td>Ù</td>
                <td>Alt 0217</td>
              </tr>
              <tr>
                <td>Ú</td>
                <td>Alt 0218</td>
              </tr>
              <tr>
                <td>Û</td>
                <td>Alt 0219</td>
              </tr>
              <tr>
                <td>Ü</td>
                <td>Alt 0220</td>
              </tr>
              <tr>
                <td>Ý</td>
                <td>Alt 0221</td>
              </tr>
              <tr>
                <td>Þ</td>
                <td>Alt 0222</td>
              </tr>
              <tr>
                <td>ã</td>
                <td>Alt 0227</td>
              </tr>
              <tr>
                <td>ð</td>
                <td>Alt 0240</td>
              </tr>
              <tr>
                <td>õ</td>
                <td>Alt 0245</td>
              </tr>
              <tr>
                <td>÷</td>
                <td>Alt 0247</td>
              </tr>
              <tr>
                <td>ø</td>
                <td>Alt 0248</td>
              </tr>
              <tr>
                <td>ü</td>
                <td>Alt 0252</td>
              </tr>
              <tr>
                <td>ý</td>
                <td>Alt 0253</td>
              </tr>
              <tr>
                <td>þ</td>
                <td>Alt 0254</td>
              </tr>
            </tbody>
          </table>
        </td>

      </tr>
    </tbody>
  </table>
</body>
</html>